["{\"id\":\"bakerloo\",\"name\":\"Bakerloo\",\"mode_name\":\"tube\",\"disruptions\":[],\"created\":\"2024-07-09T13:08:01.777000Z\",\"modified\":\"2024-07-09T13:08:01.777000Z\",\"line_statuses\":[{\"id\":0,\"line_id\":null,\"status_severity\":10,\"status_severity_description\":\"Good Service\",\"reason\":null,\"created\":\"0001-01-01T00:00:00\",\"last_update\":null,\"validity_periods\":[],\"disruptions\":[]}],\"route_sections\":[],\"service_types\":[{\"name\":\"Regular\",\"uri\":\"/Line/Route?ids=Bakerloo&serviceTypes=Regular\"}],\"crowding\":{\"passenger_flows\":null,\"train_loadings\":null},\"content_expires\":\"2024-07-15T15:41:28Z\",\"shared_expires\":\"2024-07-15T15:41:58Z\"}", "{\"id\":\"central\",\"name\":\"Central\",\"mode_name\":\"tube\",\"disruptions\":[],\"created\":\"2024-07-09T13:08:01.777000Z\",\"modified\":\"2024-07-09T13:08:01.777000Z\",\"line_statuses\":[{\"id\":0,\"line_id\":\"central\",\"status_severity\":9,\"status_severity_description\":\"Minor Delays\",\"reason\":\"Central Line: Minor delays between Leytonstone and Hainault due to train cancellations. GOOD SERVICE on the rest of the line. \",\"created\":\"0001-01-01T00:00:00\",\"last_update\":null,\"validity_periods\":[{\"from_date\":\"2024-07-15T07:42:48Z\",\"to_date\":\"2024-07-16T00:29:00Z\",\"is_now\":true}],\"disruptions\":[]}],\"route_sections\":[],\"service_types\":[{\"name\":\"Regular\",\"uri\":\"/Line/Route?ids=Central&serviceTypes=Regular\"},{\"name\":\"Night\",\"uri\":\"/Line/Route?ids=Central&serviceTypes=Night\"}],\"crowding\":{\"passenger_flows\":null,\"train_loadings\":null},\"content_expires\":\"2024-07-15T15:41:28Z\",\"shared_expires\":\"2024-07-15T15:41:58Z\"}", "{\"id\":\"circle\",\"name\":\"Circle\",\"mode_name\":\"tube\",\"disruptions\":[],\"created\":\"2024-07-09T13:08:01.790000Z\",\"modified\":\"2024-07-09T13:08:01.790000Z\",\"line_statuses\":[{\"id\":0,\"line_id\":null,\"status_severity\":10,\"status_severity_description\":\"Good Service\",\"reason\":null,\"created\":\"0001-01-01T00:00:00\",\"last_update\":null,\"validity_periods\":[],\"disruptions\":[]}],\"route_sections\":[],\"service_types\":[{\"name\":\"Regular\",\"uri\":\"/Line/Route?ids=Circle&serviceTypes=Regular\"}],\"crowding\":{\"passenger_flows\":null,\"train_loadings\":null},\"content_expires\":\"2024-07-15T15:41:28Z\",\"shared_expires\":\"2024-07-15T15:41:58Z\"}", "{\"id\":\"district\",\"name\":\"District\",\"mode_name\":\"tube\",\"disruptions\":[],\"created\":\"2024-07-09T13:08:01.790000Z\",\"modified\":\"2024-07-09T13:08:01.790000Z\",\"line_statuses\":[{\"id\":0,\"line_id\":null,\"status_severity\":10,\"status_severity_description\":\"Good Service\",\"reason\":null,\"created\":\"0001-01-01T00:00:00\",\"last_update\":null,\"validity_periods\":[],\"disruptions\":[]}],\"route_sections\":[],\"service_types\":[{\"name\":\"Regular\",\"uri\":\"/Line/Route?ids=District&serviceTypes=Regular\"}],\"crowding\":{\"passenger_flows\":null,\"train_loadings\":null},\"content_expires\":\"2024-07-15T15:41:28Z\",\"shared_expires\":\"2024-07-15T15:41:58Z\"}", "{\"id\":\"hammersmith-city\",\"name\":\"Hammersmith & City\",\"mode_name\":\"tube\",\"disruptions\":[],\"created\":\"2024-07-09T13:08:01.777000Z\",\"modified\":\"2024-07-09T13:08:01.777000Z\",\"line_statuses\":[{\"id\":0,\"line_id\":null,\"status_severity\":10,\"status_severity_description\":\"Good Service\",\"reason\":null,\"created\":\"0001-01-01T00:00:00\",\"last_update\":null,\"validity_periods\":[],\"disruptions\":[]}],\"route_sections\":[],\"service_types\":[{\"name\":\"Regular\",\"uri\":\"/Line/Route?ids=Hammersmith & City&serviceTypes=Regular\"}],\"crowding\":{\"passenger_flows\":null,\"train_loadings\":null},\"content_expires\":\"2024-07-15T15:41:28Z\",\"shared_expires\":\"2024-07-15T15:41:58Z\"}", "{\"id\":\"jubilee\",\"name\":\"Jubilee\",\"mode_name\":\"tube\",\"disruptions\":[],\"created\":\"2024-07-09T13:08:01.790000Z\",\"modified\":\"2024-07-09T13:08:01.790000Z\",\"line_statuses\":[{\"id\":0,\"line_id\":null,\"status_severity\":10,\"status_severity_description\":\"Good Service\",\"reason\":null,\"created\":\"0001-01-01T00:00:00\",\"last_update\":null,\"validity_periods\":[],\"disruptions\":[]}],\"route_sections\":[],\"service_types\":[{\"name\":\"Regular\",\"uri\":\"/Line/Route?ids=Jubilee&serviceTypes=Regular\"},{\"name\":\"Night\",\"uri\":\"/Line/Route?ids=Jubilee&serviceTypes=Night\"}],\"crowding\":{\"passenger_flows\":null,\"train_loadings\":null},\"content_expires\":\"2024-07-15T15:41:28Z\",\"shared_expires\":\"2024-07-15T15:41:58Z\"}", "{\"id\":\"metropolitan\",\"name\":\"Metropolitan\",\"mode_name\":\"tube\",\"disruptions\":[],\"created\":\"2024-07-09T13:08:01.790000Z\",\"modified\":\"2024-07-09T13:08:01.790000Z\",\"line_statuses\":[{\"id\":0,\"line_id\":null,\"status_severity\":10,\"status_severity_description\":\"Good Service\",\"reason\":null,\"created\":\"0001-01-01T00:00:00\",\"last_update\":null,\"validity_periods\":[],\"disruptions\":[]}],\"route_sections\":[],\"service_types\":[{\"name\":\"Regular\",\"uri\":\"/Line/Route?ids=Metropolitan&serviceTypes=Regular\"}],\"crowding\":{\"passenger_flows\":null,\"train_loadings\":null},\"content_expires\":\"2024-07-15T15:41:28Z\",\"shared_expires\":\"2024-07-15T15:41:58Z\"}", "{\"id\":\"northern\",\"name\":\"Northern\",\"mode_name\":\"tube\",\"disruptions\":[],\"created\":\"2024-07-09T13:08:01.790000Z\",\"modified\":\"2024-07-09T13:08:01.790000Z\",\"line_statuses\":[{\"id\":0,\"line_id\":null,\"status_severity\":10,\"status_severity_description\":\"Good Service\",\"reason\":null,\"created\":\"0001-01-01T00:00:00\",\"last_update\":null,\"validity_periods\":[],\"disruptions\":[]}],\"route_sections\":[],\"service_types\":[{\"name\":\"Regular\",\"uri\":\"/Line/Route?ids=Northern&serviceTypes=Regular\"},{\"name\":\"Night\",\"uri\":\"/Line/Route?ids=Northern&serviceTypes=Night\"}],\"crowding\":{\"passenger_flows\":null,\"train_loadings\":null},\"content_expires\":\"2024-07-15T15:41:28Z\",\"shared_expires\":\"2024-07-15T15:41:58Z\"}", "{\"id\":\"piccadilly\",\"name\":\"Piccadilly\",\"mode_name\":\"tube\",\"disruptions\":[],\"created\":\"2024-07-09T13:08:01.777000Z\",\"modified\":\"2024-07-09T13:08:01.777000Z\",\"line_statuses\":[{\"id\":0,\"line_id\":\"piccadilly\",\"status_severity\":3,\"status_severity_description\":\"Part Suspended\",\"reason\":\"Piccadilly Line: No service between Rayners Lane and Uxbridge due to a points failure at Uxbridge. GOOD SERVICE on the rest of the line. To continue your journey beyond Rayners Lane, please change at Rayners Lane for the Metropolitan line. \",\"created\":\"0001-01-01T00:00:00\",\"last_update\":null,\"validity_periods\":[{\"from_date\":\"2024-07-15T06:59:31Z\",\"to_date\":\"2024-07-15T18:39:27Z\",\"is_now\":true}],\"disruptions\":[]}],\"route_sections\":[],\"service_types\":[{\"name\":\"Regular\",\"uri\":\"/Line/Route?ids=Piccadilly&serviceTypes=Regular\"},{\"name\":\"Night\",\"uri\":\"/Line/Route?ids=Piccadilly&serviceTypes=Night\"}],\"crowding\":{\"passenger_flows\":null,\"train_loadings\":null},\"content_expires\":\"2024-07-15T15:41:28Z\",\"shared_expires\":\"2024-07-15T15:41:58Z\"}", "{\"id\":\"victoria\",\"name\":\"Victoria\",\"mode_name\":\"tube\",\"disruptions\":[],\"created\":\"2024-07-09T13:08:01.790000Z\",\"modified\":\"2024-07-09T13:08:01.790000Z\",\"line_statuses\":[{\"id\":0,\"line_id\":null,\"status_severity\":10,\"status_severity_description\":\"Good Service\",\"reason\":null,\"created\":\"0001-01-01T00:00:00\",\"last_update\":null,\"validity_periods\":[],\"disruptions\":[]}],\"route_sections\":[],\"service_types\":[{\"name\":\"Regular\",\"uri\":\"/Line/Route?ids=Victoria&serviceTypes=Regular\"},{\"name\":\"Night\",\"uri\":\"/Line/Route?ids=Victoria&serviceTypes=Night\"}],\"crowding\":{\"passenger_flows\":null,\"train_loadings\":null},\"content_expires\":\"2024-07-15T15:41:28Z\",\"shared_expires\":\"2024-07-15T15:41:58Z\"}", "{\"id\":\"waterloo-city\",\"name\":\"Waterloo & City\",\"mode_name\":\"tube\",\"disruptions\":[],\"created\":\"2024-07-09T13:08:01.790000Z\",\"modified\":\"2024-07-09T13:08:01.790000Z\",\"line_statuses\":[{\"id\":0,\"line_id\":null,\"status_severity\":10,\"status_severity_description\":\"Good Service\",\"reason\":null,\"created\":\"0001-01-01T00:00:00\",\"last_update\":null,\"validity_periods\":[],\"disruptions\":[]}],\"route_sections\":[],\"service_types\":[{\"name\":\"Regular\",\"uri\":\"/Line/Route?ids=Waterloo & City&serviceTypes=Regular\"}],\"crowding\":{\"passenger_flows\":null,\"train_loadings\":null},\"content_expires\":\"2024-07-15T15:41:28Z\",\"shared_expires\":\"2024-07-15T15:41:58Z\"}"]