["{\"category\":\"RealTime\",\"disruption_type\":\"routeBlocking\",\"category_description\":\"RealTime\",\"description\":\"Piccadilly Line: No service between Rayners Lane and Uxbridge due to a points failure at Uxbridge. GOOD SERVICE on the rest of the line. To continue your journey beyond Rayners Lane, please change at Rayners Lane for the Metropolitan line. \",\"summary\":null,\"additional_info\":null,\"created\":null,\"last_update\":null,\"affected_routes\":[],\"affected_stops\":[],\"closure_text\":\"partSuspended\",\"content_expires\":\"2024-07-15T15:41:32Z\",\"shared_expires\":\"2024-07-15T15:42:02Z\"}"]