["{\"id\":\"london-overground\",\"name\":\"London Overground\",\"mode_name\":\"overground\",\"disruptions\":[],\"created\":\"2024-07-12T10:26:26.827000Z\",\"modified\":\"2024-07-12T10:26:26.827000Z\",\"line_statuses\":[],\"route_sections\":[],\"service_types\":[{\"name\":\"Regular\",\"uri\":\"/Line/Route?ids=London Overground&serviceTypes=Regular\"},{\"name\":\"Night\",\"uri\":\"/Line/Route?ids=London Overground&serviceTypes=Night\"}],\"crowding\":{\"passenger_flows\":null,\"train_loadings\":null},\"content_expires\":\"2024-07-16T03:40:43Z\",\"shared_expires\":\"2024-07-16T15:40:43Z\"}"]