["{\"id\":\"victoria\",\"name\":\"Victoria\",\"mode_name\":\"tube\",\"disruptions\":[],\"created\":\"2024-07-09T13:08:01.790000Z\",\"modified\":\"2024-07-09T13:08:01.790000Z\",\"line_statuses\":[],\"route_sections\":[],\"service_types\":[{\"name\":\"Regular\",\"uri\":\"/Line/Route?ids=Victoria&serviceTypes=Regular\"},{\"name\":\"Night\",\"uri\":\"/Line/Route?ids=Victoria&serviceTypes=Night\"}],\"crowding\":{\"passenger_flows\":null,\"train_loadings\":null},\"content_expires\":\"2024-07-16T03:40:43Z\",\"shared_expires\":\"2024-07-16T15:40:43Z\"}"]