["{\"is_tfl_service\":true,\"is_fare_paying\":true,\"is_scheduled_service\":true,\"mode_name\":\"bus\",\"content_expires\":\"2024-07-16T03:40:43Z\",\"shared_expires\":\"2024-07-16T15:40:43Z\"}", "{\"is_tfl_service\":true,\"is_fare_paying\":true,\"is_scheduled_service\":true,\"mode_name\":\"cable-car\",\"content_expires\":\"2024-07-16T03:40:43Z\",\"shared_expires\":\"2024-07-16T15:40:43Z\"}", "{\"is_tfl_service\":false,\"is_fare_paying\":true,\"is_scheduled_service\":true,\"mode_name\":\"coach\",\"content_expires\":\"2024-07-16T03:40:43Z\",\"shared_expires\":\"2024-07-16T15:40:43Z\"}", "{\"is_tfl_service\":false,\"is_fare_paying\":false,\"is_scheduled_service\":false,\"mode_name\":\"cycle\",\"content_expires\":\"2024-07-16T03:40:43Z\",\"shared_expires\":\"2024-07-16T15:40:43Z\"}", "{\"is_tfl_service\":true,\"is_fare_paying\":true,\"is_scheduled_service\":false,\"mode_name\":\"cycle-hire\",\"content_expires\":\"2024-07-16T03:40:43Z\",\"shared_expires\":\"2024-07-16T15:40:43Z\"}", "{\"is_tfl_service\":true,\"is_fare_paying\":true,\"is_scheduled_service\":true,\"mode_name\":\"dlr\",\"content_expires\":\"2024-07-16T03:40:43Z\",\"shared_expires\":\"2024-07-16T15:40:43Z\"}", "{\"is_tfl_service\":true,\"is_fare_paying\":true,\"is_scheduled_service\":true,\"mode_name\":\"elizabeth-line\",\"content_expires\":\"2024-07-16T03:40:43Z\",\"shared_expires\":\"2024-07-16T15:40:43Z\"}", "{\"is_tfl_service\":false,\"is_fare_paying\":false,\"is_scheduled_service\":false,\"mode_name\":\"interchange-keep-sitting\",\"content_expires\":\"2024-07-16T03:40:43Z\",\"shared_expires\":\"2024-07-16T15:40:43Z\"}", "{\"is_tfl_service\":false,\"is_fare_paying\":false,\"is_scheduled_service\":false,\"mode_name\":\"interchange-secure\",\"content_expires\":\"2024-07-16T03:40:43Z\",\"shared_expires\":\"2024-07-16T15:40:43Z\"}", "{\"is_tfl_service\":false,\"is_fare_paying\":true,\"is_scheduled_service\":true,\"mode_name\":\"national-rail\",\"content_expires\":\"2024-07-16T03:40:43Z\",\"shared_expires\":\"2024-07-16T15:40:43Z\"}", "{\"is_tfl_service\":true,\"is_fare_paying\":true,\"is_scheduled_service\":true,\"mode_name\":\"overground\",\"content_expires\":\"2024-07-16T03:40:43Z\",\"shared_expires\":\"2024-07-16T15:40:43Z\"}", "{\"is_tfl_service\":true,\"is_fare_paying\":true,\"is_scheduled_service\":true,\"mode_name\":\"replacement-bus\",\"content_expires\":\"2024-07-16T03:40:43Z\",\"shared_expires\":\"2024-07-16T15:40:43Z\"}", "{\"is_tfl_service\":true,\"is_fare_paying\":true,\"is_scheduled_service\":true,\"mode_name\":\"river-bus\",\"content_expires\":\"2024-07-16T03:40:43Z\",\"shared_expires\":\"2024-07-16T15:40:43Z\"}", "{\"is_tfl_service\":true,\"is_fare_paying\":true,\"is_scheduled_service\":true,\"mode_name\":\"river-tour\",\"content_expires\":\"2024-07-16T03:40:43Z\",\"shared_expires\":\"2024-07-16T15:40:43Z\"}", "{\"is_tfl_service\":false,\"is_fare_paying\":false,\"is_scheduled_service\":false,\"mode_name\":\"taxi\",\"content_expires\":\"2024-07-16T03:40:43Z\",\"shared_expires\":\"2024-07-16T15:40:43Z\"}", "{\"is_tfl_service\":true,\"is_fare_paying\":true,\"is_scheduled_service\":true,\"mode_name\":\"tram\",\"content_expires\":\"2024-07-16T03:40:43Z\",\"shared_expires\":\"2024-07-16T15:40:43Z\"}", "{\"is_tfl_service\":true,\"is_fare_paying\":true,\"is_scheduled_service\":true,\"mode_name\":\"tube\",\"content_expires\":\"2024-07-16T03:40:43Z\",\"shared_expires\":\"2024-07-16T15:40:43Z\"}", "{\"is_tfl_service\":false,\"is_fare_paying\":false,\"is_scheduled_service\":false,\"mode_name\":\"walking\",\"content_expires\":\"2024-07-16T03:40:43Z\",\"shared_expires\":\"2024-07-16T15:40:43Z\"}"]