[
  {
    "id": "piccadilly",
    "name": "Piccadilly",
    "mode_name": "tube",
    "disruptions": [],
    "created": "2024-07-12T10:26:26.827000Z",
    "modified": "2024-07-12T10:26:26.827000Z",
    "line_statuses": [
      {
        "id": 0,
        "line_id": "piccadilly",
        "status_severity": 3,
        "status_severity_description": "Part Suspended",
        "reason": "Piccadilly Line: No service between Rayners Lane and Uxbridge due to a points failure at Uxbridge. GOOD SERVICE on the rest of the line. To continue your journey beyond Rayners Lane, please change at Rayners Lane for the Metropolitan line. ",
        "created": "0001-01-01T00:00:00",
        "last_update": null,
        "validity_periods": [
          {
            "from_date": "2024-07-15T06:59:31Z",
            "to_date": "2024-07-15T18:38:57Z",
            "is_now": true
          }
        ],
        "disruptions": []
      }
    ],
    "route_sections": [],
    "service_types": [
      {
        "name": "Regular",
        "uri": "/Line/Route?ids=Piccadilly&serviceTypes=Regular"
      },
      {
        "name": "Night",
        "uri": "/Line/Route?ids=Piccadilly&serviceTypes=Night"
      }
    ],
    "crowding": {
      "passenger_flows": null,
      "train_loadings": null
    },
    "content_expires": "2024-07-15T15:41:13Z",
    "shared_expires": "2024-07-15T15:41:43Z"
  }
]