"{\"id\":\"14\",\"name\":\"14\",\"mode_name\":\"bus\",\"disruptions\":[],\"created\":\"2024-07-09T13:08:01.790000Z\",\"modified\":\"2024-07-09T13:08:01.790000Z\",\"line_statuses\":[],\"route_sections\":[{\"route_code\":null,\"name\":\"Putney Heath / Green Man - .Russell Square\",\"direction\":\"outbound\",\"origination_name\":\"Putney Heath / Green Man\",\"destination_name\":\".Russell Square\",\"originator\":\"490011285E2\",\"destination\":\"490000200E\",\"service_type\":\"Regular\",\"valid_to\":\"2024-12-23T00:00:00Z\",\"valid_from\":\"2024-07-06T00:00:00Z\"},{\"route_code\":null,\"name\":\".Russell Square - Putney Heath / Green Man\",\"direction\":\"inbound\",\"origination_name\":\".Russell Square\",\"destination_name\":\"Putney Heath / Green Man\",\"originator\":\"490000200E\",\"destination\":\"490011285S1\",\"service_type\":\"Regular\",\"valid_to\":\"2024-12-23T00:00:00Z\",\"valid_from\":\"2024-07-06T00:00:00Z\"}],\"service_types\":[{\"name\":\"Regular\",\"uri\":\"/Line/Route?ids=14&serviceTypes=Regular\"}],\"crowding\":{\"passenger_flows\":null,\"train_loadings\":null},\"content_expires\":\"2024-07-16T03:40:58Z\",\"shared_expires\":\"2024-07-16T15:40:58Z\"}"