"{\"id\":\"victoria\",\"name\":\"Victoria\",\"mode_name\":\"tube\",\"disruptions\":[],\"created\":\"2024-07-09T13:08:01.790000Z\",\"modified\":\"2024-07-09T13:08:01.790000Z\",\"line_statuses\":[],\"route_sections\":[{\"route_code\":null,\"name\":\"Walthamstow Central Underground Station - Brixton Underground Station\",\"direction\":\"inbound\",\"origination_name\":\"Walthamstow Central Underground Station\",\"destination_name\":\"Brixton Underground Station\",\"originator\":\"940GZZLUWWL\",\"destination\":\"940GZZLUBXN\",\"service_type\":\"Regular\",\"valid_to\":\"2024-12-23T00:00:00Z\",\"valid_from\":\"2024-07-06T00:00:00Z\"},{\"route_code\":null,\"name\":\"Brixton Underground Station - Walthamstow Central Underground Station\",\"direction\":\"outbound\",\"origination_name\":\"Brixton Underground Station\",\"destination_name\":\"Walthamstow Central Underground Station\",\"originator\":\"940GZZLUBXN\",\"destination\":\"940GZZLUWWL\",\"service_type\":\"Regular\",\"valid_to\":\"2024-12-23T00:00:00Z\",\"valid_from\":\"2024-07-06T00:00:00Z\"}],\"service_types\":[{\"name\":\"Regular\",\"uri\":\"/Line/Route?ids=Victoria&serviceTypes=Regular\"},{\"name\":\"Night\",\"uri\":\"/Line/Route?ids=Victoria&serviceTypes=Night\"}],\"crowding\":{\"passenger_flows\":null,\"train_loadings\":null},\"content_expires\":\"2024-07-16T03:40:58Z\",\"shared_expires\":\"2024-07-16T15:40:58Z\"}"