["{\"id\":\"central\",\"name\":\"Central\",\"mode_name\":\"tube\",\"disruptions\":[],\"created\":\"2024-07-09T13:08:01.777000Z\",\"modified\":\"2024-07-09T13:08:01.777000Z\",\"line_statuses\":[],\"route_sections\":[{\"route_code\":null,\"name\":\"Loughton Underground Station - Ealing Broadway Underground Station\",\"direction\":\"inbound\",\"origination_name\":\"Loughton Underground Station\",\"destination_name\":\"Ealing Broadway Underground Station\",\"originator\":\"940GZZLULGN\",\"destination\":\"940GZZLUEBY\",\"service_type\":\"Night\",\"valid_to\":\"2500-12-24T00:00:00Z\",\"valid_from\":\"2015-01-05T00:00:00Z\"},{\"route_code\":null,\"name\":\"Ealing Broadway Underground Station - Hainault Underground Station\",\"direction\":\"outbound\",\"origination_name\":\"Ealing Broadway Underground Station\",\"destination_name\":\"Hainault Underground Station\",\"originator\":\"940GZZLUEBY\",\"destination\":\"940GZZLUHLT\",\"service_type\":\"Night\",\"valid_to\":\"2500-12-24T00:00:00Z\",\"valid_from\":\"2015-01-05T00:00:00Z\"},{\"route_code\":null,\"name\":\"Ealing Broadway Underground Station - Loughton Underground Station\",\"direction\":\"outbound\",\"origination_name\":\"Ealing Broadway Underground Station\",\"destination_name\":\"Loughton Underground Station\",\"originator\":\"940GZZLUEBY\",\"destination\":\"940GZZLULGN\",\"service_type\":\"Night\",\"valid_to\":\"2500-12-24T00:00:00Z\",\"valid_from\":\"2015-01-05T00:00:00Z\"}],\"service_types\":[{\"name\":\"Regular\",\"uri\":\"/Line/Route?ids=Central&serviceTypes=Regular\"},{\"name\":\"Night\",\"uri\":\"/Line/Route?ids=Central&serviceTypes=Night\"}],\"crowding\":{\"passenger_flows\":null,\"train_loadings\":null},\"content_expires\":\"2024-07-16T03:40:59Z\",\"shared_expires\":\"2024-07-16T15:40:59Z\"}", "{\"id\":\"jubilee\",\"name\":\"Jubilee\",\"mode_name\":\"tube\",\"disruptions\":[],\"created\":\"2024-07-09T13:08:01.790000Z\",\"modified\":\"2024-07-09T13:08:01.790000Z\",\"line_statuses\":[],\"route_sections\":[{\"route_code\":null,\"name\":\"Stratford Underground Station - Stanmore Underground Station\",\"direction\":\"inbound\",\"origination_name\":\"Stratford Underground Station\",\"destination_name\":\"Stanmore Underground Station\",\"originator\":\"940GZZLUSTD\",\"destination\":\"940GZZLUSTM\",\"service_type\":\"Night\",\"valid_to\":\"2500-12-24T00:00:00Z\",\"valid_from\":\"2015-01-01T00:00:00Z\"},{\"route_code\":null,\"name\":\"Stanmore Underground Station - Stratford Underground Station\",\"direction\":\"outbound\",\"origination_name\":\"Stanmore Underground Station\",\"destination_name\":\"Stratford Underground Station\",\"originator\":\"940GZZLUSTM\",\"destination\":\"940GZZLUSTD\",\"service_type\":\"Night\",\"valid_to\":\"2500-12-24T00:00:00Z\",\"valid_from\":\"2015-01-01T00:00:00Z\"}],\"service_types\":[{\"name\":\"Regular\",\"uri\":\"/Line/Route?ids=Jubilee&serviceTypes=Regular\"},{\"name\":\"Night\",\"uri\":\"/Line/Route?ids=Jubilee&serviceTypes=Night\"}],\"crowding\":{\"passenger_flows\":null,\"train_loadings\":null},\"content_expires\":\"2024-07-16T03:40:59Z\",\"shared_expires\":\"2024-07-16T15:40:59Z\"}", "{\"id\":\"northern\",\"name\":\"Northern\",\"mode_name\":\"tube\",\"disruptions\":[],\"created\":\"2024-07-09T13:08:01.790000Z\",\"modified\":\"2024-07-09T13:08:01.790000Z\",\"line_statuses\":[],\"route_sections\":[{\"route_code\":null,\"name\":\"High Barnet Underground Station - Morden Underground Station\",\"direction\":\"inbound\",\"origination_name\":\"High Barnet Underground Station\",\"destination_name\":\"Morden Underground Station\",\"originator\":\"940GZZLUHBT\",\"destination\":\"940GZZLUMDN\",\"service_type\":\"Night\",\"valid_to\":\"2500-12-24T00:00:00Z\",\"valid_from\":\"2015-01-02T00:00:00Z\"},{\"route_code\":null,\"name\":\"Morden Underground Station - High Barnet Underground Station\",\"direction\":\"outbound\",\"origination_name\":\"Morden Underground Station\",\"destination_name\":\"High Barnet Underground Station\",\"originator\":\"940GZZLUMDN\",\"destination\":\"940GZZLUHBT\",\"service_type\":\"Night\",\"valid_to\":\"2500-12-24T00:00:00Z\",\"valid_from\":\"2015-01-02T00:00:00Z\"},{\"route_code\":null,\"name\":\"Edgware Underground Station - Morden Underground Station\",\"direction\":\"inbound\",\"origination_name\":\"Edgware Underground Station\",\"destination_name\":\"Morden Underground Station\",\"originator\":\"940GZZLUEGW\",\"destination\":\"940GZZLUMDN\",\"service_type\":\"Night\",\"valid_to\":\"2500-12-24T00:00:00Z\",\"valid_from\":\"2015-01-02T00:00:00Z\"},{\"route_code\":null,\"name\":\"Morden Underground Station - Edgware Underground Station\",\"direction\":\"outbound\",\"origination_name\":\"Morden Underground Station\",\"destination_name\":\"Edgware Underground Station\",\"originator\":\"940GZZLUMDN\",\"destination\":\"940GZZLUEGW\",\"service_type\":\"Night\",\"valid_to\":\"2500-12-24T00:00:00Z\",\"valid_from\":\"2015-01-02T00:00:00Z\"}],\"service_types\":[{\"name\":\"Regular\",\"uri\":\"/Line/Route?ids=Northern&serviceTypes=Regular\"},{\"name\":\"Night\",\"uri\":\"/Line/Route?ids=Northern&serviceTypes=Night\"}],\"crowding\":{\"passenger_flows\":null,\"train_loadings\":null},\"content_expires\":\"2024-07-16T03:40:59Z\",\"shared_expires\":\"2024-07-16T15:40:59Z\"}", "{\"id\":\"piccadilly\",\"name\":\"Piccadilly\",\"mode_name\":\"tube\",\"disruptions\":[],\"created\":\"2024-07-09T13:08:01.777000Z\",\"modified\":\"2024-07-09T13:08:01.777000Z\",\"line_statuses\":[],\"route_sections\":[{\"route_code\":null,\"name\":\"Cockfosters Underground Station - Heathrow Terminal 5 Underground Station\",\"direction\":\"inbound\",\"origination_name\":\"Cockfosters Underground Station\",\"destination_name\":\"Heathrow Terminal 5 Underground Station\",\"originator\":\"940GZZLUCKS\",\"destination\":\"940GZZLUHR5\",\"service_type\":\"Night\",\"valid_to\":\"2500-12-24T00:00:00Z\",\"valid_from\":\"2015-05-18T00:00:00Z\"},{\"route_code\":null,\"name\":\"Heathrow Terminal 5 Underground Station - Cockfosters Underground Station\",\"direction\":\"outbound\",\"origination_name\":\"Heathrow Terminal 5 Underground Station\",\"destination_name\":\"Cockfosters Underground Station\",\"originator\":\"940GZZLUHR5\",\"destination\":\"940GZZLUCKS\",\"service_type\":\"Night\",\"valid_to\":\"2500-12-24T00:00:00Z\",\"valid_from\":\"2015-05-18T00:00:00Z\"}],\"service_types\":[{\"name\":\"Regular\",\"uri\":\"/Line/Route?ids=Piccadilly&serviceTypes=Regular\"},{\"name\":\"Night\",\"uri\":\"/Line/Route?ids=Piccadilly&serviceTypes=Night\"}],\"crowding\":{\"passenger_flows\":null,\"train_loadings\":null},\"content_expires\":\"2024-07-16T03:40:59Z\",\"shared_expires\":\"2024-07-16T15:40:59Z\"}", "{\"id\":\"victoria\",\"name\":\"Victoria\",\"mode_name\":\"tube\",\"disruptions\":[],\"created\":\"2024-07-09T13:08:01.790000Z\",\"modified\":\"2024-07-09T13:08:01.790000Z\",\"line_statuses\":[],\"route_sections\":[{\"route_code\":null,\"name\":\"Walthamstow Central Underground Station - Brixton Underground Station\",\"direction\":\"inbound\",\"origination_name\":\"Walthamstow Central Underground Station\",\"destination_name\":\"Brixton Underground Station\",\"originator\":\"940GZZLUWWL\",\"destination\":\"940GZZLUBXN\",\"service_type\":\"Night\",\"valid_to\":\"2500-12-24T00:00:00Z\",\"valid_from\":\"2015-03-08T00:00:00Z\"},{\"route_code\":null,\"name\":\"Brixton Underground Station - Walthamstow Central Underground Station\",\"direction\":\"outbound\",\"origination_name\":\"Brixton Underground Station\",\"destination_name\":\"Walthamstow Central Underground Station\",\"originator\":\"940GZZLUBXN\",\"destination\":\"940GZZLUWWL\",\"service_type\":\"Night\",\"valid_to\":\"2500-12-24T00:00:00Z\",\"valid_from\":\"2015-03-08T00:00:00Z\"}],\"service_types\":[{\"name\":\"Regular\",\"uri\":\"/Line/Route?ids=Victoria&serviceTypes=Regular\"},{\"name\":\"Night\",\"uri\":\"/Line/Route?ids=Victoria&serviceTypes=Night\"}],\"crowding\":{\"passenger_flows\":null,\"train_loadings\":null},\"content_expires\":\"2024-07-16T03:40:59Z\",\"shared_expires\":\"2024-07-16T15:40:59Z\"}"]