["{\"id\":\"bakerloo\",\"name\":\"Bakerloo\",\"mode_name\":\"tube\",\"disruptions\":[],\"created\":\"2024-07-09T13:08:01.777000Z\",\"modified\":\"2024-07-09T13:08:01.777000Z\",\"line_statuses\":[],\"route_sections\":[{\"route_code\":null,\"name\":\"Harrow & Wealdstone Underground Station - Elephant & Castle Underground Station\",\"direction\":\"inbound\",\"origination_name\":\"Harrow & Wealdstone Underground Station\",\"destination_name\":\"Elephant & Castle Underground Station\",\"originator\":\"940GZZLUHAW\",\"destination\":\"940GZZLUEAC\",\"service_type\":\"Regular\",\"valid_to\":\"2024-12-23T00:00:00Z\",\"valid_from\":\"2024-07-06T00:00:00Z\"},{\"route_code\":null,\"name\":\"Elephant & Castle Underground Station - Harrow & Wealdstone Underground Station\",\"direction\":\"outbound\",\"origination_name\":\"Elephant & Castle Underground Station\",\"destination_name\":\"Harrow & Wealdstone Underground Station\",\"originator\":\"940GZZLUEAC\",\"destination\":\"940GZZLUHAW\",\"service_type\":\"Regular\",\"valid_to\":\"2024-12-23T00:00:00Z\",\"valid_from\":\"2024-07-06T00:00:00Z\"}],\"service_types\":[{\"name\":\"Regular\",\"uri\":\"/Line/Route?ids=Bakerloo&serviceTypes=Regular\"}],\"crowding\":{\"passenger_flows\":null,\"train_loadings\":null},\"content_expires\":\"2024-07-16T03:40:59Z\",\"shared_expires\":\"2024-07-16T15:40:59Z\"}", "{\"id\":\"central\",\"name\":\"Central\",\"mode_name\":\"tube\",\"disruptions\":[],\"created\":\"2024-07-09T13:08:01.777000Z\",\"modified\":\"2024-07-09T13:08:01.777000Z\",\"line_statuses\":[],\"route_sections\":[{\"route_code\":null,\"name\":\"Epping Underground Station - West Ruislip Underground Station\",\"direction\":\"inbound\",\"origination_name\":\"Epping Underground Station\",\"destination_name\":\"West Ruislip Underground Station\",\"originator\":\"940GZZLUEPG\",\"destination\":\"940GZZLUWRP\",\"service_type\":\"Regular\",\"valid_to\":\"2024-12-23T00:00:00Z\",\"valid_from\":\"2024-07-06T00:00:00Z\"},{\"route_code\":null,\"name\":\"West Ruislip Underground Station - Epping Underground Station\",\"direction\":\"outbound\",\"origination_name\":\"West Ruislip Underground Station\",\"destination_name\":\"Epping Underground Station\",\"originator\":\"940GZZLUWRP\",\"destination\":\"940GZZLUEPG\",\"service_type\":\"Regular\",\"valid_to\":\"2024-12-23T00:00:00Z\",\"valid_from\":\"2024-07-06T00:00:00Z\"},{\"route_code\":null,\"name\":\"Hainault Underground Station - West Ruislip Underground Station\",\"direction\":\"inbound\",\"origination_name\":\"Hainault Underground Station\",\"destination_name\":\"West Ruislip Underground Station\",\"originator\":\"940GZZLUHLT\",\"destination\":\"940GZZLUWRP\",\"service_type\":\"Regular\",\"valid_to\":\"2024-12-23T00:00:00Z\",\"valid_from\":\"2024-07-06T00:00:00Z\"},{\"route_code\":null,\"name\":\"Hainault Underground Station - West Ruislip Underground Station\",\"direction\":\"inbound\",\"origination_name\":\"Hainault Underground Station\",\"destination_name\":\"West Ruislip Underground Station\",\"originator\":\"940GZZLUHLT\",\"destination\":\"940GZZLUWRP\",\"service_type\":\"Regular\",\"valid_to\":\"2024-12-23T00:00:00Z\",\"valid_from\":\"2024-07-06T00:00:00Z\"},{\"route_code\":null,\"name\":\"West Ruislip Underground Station - Hainault Underground Station\",\"direction\":\"outbound\",\"origination_name\":\"West Ruislip Underground Station\",\"destination_name\":\"Hainault Underground Station\",\"originator\":\"940GZZLUWRP\",\"destination\":\"940GZZLUHLT\",\"service_type\":\"Regular\",\"valid_to\":\"2024-12-23T00:00:00Z\",\"valid_from\":\"2024-07-06T00:00:00Z\"},{\"route_code\":null,\"name\":\"Epping Underground Station - Ealing Broadway Underground Station\",\"direction\":\"inbound\",\"origination_name\":\"Epping Underground Station\",\"destination_name\":\"Ealing Broadway Underground Station\",\"originator\":\"940GZZLUEPG\",\"destination\":\"940GZZLUEBY\",\"service_type\":\"Regular\",\"valid_to\":\"2024-12-23T00:00:00Z\",\"valid_from\":\"2024-07-06T00:00:00Z\"},{\"route_code\":null,\"name\":\"Ealing Broadway Underground Station - Epping Underground Station\",\"direction\":\"outbound\",\"origination_name\":\"Ealing Broadway Underground Station\",\"destination_name\":\"Epping Underground Station\",\"originator\":\"940GZZLUEBY\",\"destination\":\"940GZZLUEPG\",\"service_type\":\"Regular\",\"valid_to\":\"2024-12-23T00:00:00Z\",\"valid_from\":\"2024-07-06T00:00:00Z\"},{\"route_code\":null,\"name\":\"Hainault Underground Station - Ealing Broadway Underground Station\",\"direction\":\"inbound\",\"origination_name\":\"Hainault Underground Station\",\"destination_name\":\"Ealing Broadway Underground Station\",\"originator\":\"940GZZLUHLT\",\"destination\":\"940GZZLUEBY\",\"service_type\":\"Regular\",\"valid_to\":\"2024-12-23T00:00:00Z\",\"valid_from\":\"2024-07-06T00:00:00Z\"},{\"route_code\":null,\"name\":\"Ealing Broadway Underground Station - Hainault Underground Station\",\"direction\":\"outbound\",\"origination_name\":\"Ealing Broadway Underground Station\",\"destination_name\":\"Hainault Underground Station\",\"originator\":\"940GZZLUEBY\",\"destination\":\"940GZZLUHLT\",\"service_type\":\"Regular\",\"valid_to\":\"2024-12-23T00:00:00Z\",\"valid_from\":\"2024-07-06T00:00:00Z\"},{\"route_code\":null,\"name\":\"Woodford Underground Station - Hainault Underground Station\",\"direction\":\"outbound\",\"origination_name\":\"Woodford Underground Station\",\"destination_name\":\"Hainault Underground Station\",\"originator\":\"940GZZLUWOF\",\"destination\":\"940GZZLUHLT\",\"service_type\":\"Regular\",\"valid_to\":\"2024-12-23T00:00:00Z\",\"valid_from\":\"2024-07-06T00:00:00Z\"}],\"service_types\":[{\"name\":\"Regular\",\"uri\":\"/Line/Route?ids=Central&serviceTypes=Regular\"},{\"name\":\"Night\",\"uri\":\"/Line/Route?ids=Central&serviceTypes=Night\"}],\"crowding\":{\"passenger_flows\":null,\"train_loadings\":null},\"content_expires\":\"2024-07-16T03:40:59Z\",\"shared_expires\":\"2024-07-16T15:40:59Z\"}", "{\"id\":\"circle\",\"name\":\"Circle\",\"mode_name\":\"tube\",\"disruptions\":[],\"created\":\"2024-07-09T13:08:01.790000Z\",\"modified\":\"2024-07-09T13:08:01.790000Z\",\"line_statuses\":[],\"route_sections\":[{\"route_code\":null,\"name\":\"Edgware Road (Circle Line) Underground Station - Hammersmith (H&C Line) Underground Station\",\"direction\":\"inbound\",\"origination_name\":\"Edgware Road (Circle Line) Underground Station\",\"destination_name\":\"Hammersmith (H&C Line) Underground Station\",\"originator\":\"940GZZLUERC\",\"destination\":\"940GZZLUHSC\",\"service_type\":\"Regular\",\"valid_to\":\"2024-12-23T00:00:00Z\",\"valid_from\":\"2024-07-06T00:00:00Z\"},{\"route_code\":null,\"name\":\"Hammersmith (H&C Line) Underground Station - Edgware Road (Circle Line) Underground Station\",\"direction\":\"outbound\",\"origination_name\":\"Hammersmith (H&C Line) Underground Station\",\"destination_name\":\"Edgware Road (Circle Line) Underground Station\",\"originator\":\"940GZZLUHSC\",\"destination\":\"940GZZLUERC\",\"service_type\":\"Regular\",\"valid_to\":\"2024-12-23T00:00:00Z\",\"valid_from\":\"2024-07-06T00:00:00Z\"}],\"service_types\":[{\"name\":\"Regular\",\"uri\":\"/Line/Route?ids=Circle&serviceTypes=Regular\"}],\"crowding\":{\"passenger_flows\":null,\"train_loadings\":null},\"content_expires\":\"2024-07-16T03:40:59Z\",\"shared_expires\":\"2024-07-16T15:40:59Z\"}", "{\"id\":\"district\",\"name\":\"District\",\"mode_name\":\"tube\",\"disruptions\":[],\"created\":\"2024-07-09T13:08:01.790000Z\",\"modified\":\"2024-07-09T13:08:01.790000Z\",\"line_statuses\":[],\"route_sections\":[{\"route_code\":null,\"name\":\"Upminster Underground Station - Ealing Broadway Underground Station\",\"direction\":\"inbound\",\"origination_name\":\"Upminster Underground Station\",\"destination_name\":\"Ealing Broadway Underground Station\",\"originator\":\"940GZZLUUPM\",\"destination\":\"940GZZLUEBY\",\"service_type\":\"Regular\",\"valid_to\":\"2024-12-23T00:00:00Z\",\"valid_from\":\"2024-07-06T00:00:00Z\"},{\"route_code\":null,\"name\":\"Ealing Broadway Underground Station - Upminster Underground Station\",\"direction\":\"outbound\",\"origination_name\":\"Ealing Broadway Underground Station\",\"destination_name\":\"Upminster Underground Station\",\"originator\":\"940GZZLUEBY\",\"destination\":\"940GZZLUUPM\",\"service_type\":\"Regular\",\"valid_to\":\"2024-12-23T00:00:00Z\",\"valid_from\":\"2024-07-06T00:00:00Z\"},{\"route_code\":null,\"name\":\"Upminster Underground Station - Richmond Underground Station\",\"direction\":\"inbound\",\"origination_name\":\"Upminster Underground Station\",\"destination_name\":\"Richmond Underground Station\",\"originator\":\"940GZZLUUPM\",\"destination\":\"940GZZLURMD\",\"service_type\":\"Regular\",\"valid_to\":\"2024-12-23T00:00:00Z\",\"valid_from\":\"2024-07-06T00:00:00Z\"},{\"route_code\":null,\"name\":\"Richmond Underground Station - Upminster Underground Station\",\"direction\":\"outbound\",\"origination_name\":\"Richmond Underground Station\",\"destination_name\":\"Upminster Underground Station\",\"originator\":\"940GZZLURMD\",\"destination\":\"940GZZLUUPM\",\"service_type\":\"Regular\",\"valid_to\":\"2024-12-23T00:00:00Z\",\"valid_from\":\"2024-07-06T00:00:00Z\"},{\"route_code\":null,\"name\":\"Upminster Underground Station - Wimbledon Underground Station\",\"direction\":\"inbound\",\"origination_name\":\"Upminster Underground Station\",\"destination_name\":\"Wimbledon Underground Station\",\"originator\":\"940GZZLUUPM\",\"destination\":\"940GZZLUWIM\",\"service_type\":\"Regular\",\"valid_to\":\"2024-12-23T00:00:00Z\",\"valid_from\":\"2024-07-06T00:00:00Z\"},{\"route_code\":null,\"name\":\"Wimbledon Underground Station - Upminster Underground Station\",\"direction\":\"outbound\",\"origination_name\":\"Wimbledon Underground Station\",\"destination_name\":\"Upminster Underground Station\",\"originator\":\"940GZZLUWIM\",\"destination\":\"940GZZLUUPM\",\"service_type\":\"Regular\",\"valid_to\":\"2024-12-23T00:00:00Z\",\"valid_from\":\"2024-07-06T00:00:00Z\"},{\"route_code\":null,\"name\":\"Kensington (Olympia) Underground Station - Upminster Underground Station\",\"direction\":\"outbound\",\"origination_name\":\"Kensington (Olympia) Underground Station\",\"destination_name\":\"Upminster Underground Station\",\"originator\":\"940GZZLUKOY\",\"destination\":\"940GZZLUUPM\",\"service_type\":\"Regular\",\"valid_to\":\"2024-12-23T00:00:00Z\",\"valid_from\":\"2024-07-06T00:00:00Z\"},{\"route_code\":null,\"name\":\"Edgware Road (Circle Line) Underground Station - Ealing Broadway Underground Station\",\"direction\":\"inbound\",\"origination_name\":\"Edgware Road (Circle Line) Underground Station\",\"destination_name\":\"Ealing Broadway Underground Station\",\"originator\":\"940GZZLUERC\",\"destination\":\"940GZZLUEBY\",\"service_type\":\"Regular\",\"valid_to\":\"2024-12-23T00:00:00Z\",\"valid_from\":\"2024-07-06T00:00:00Z\"},{\"route_code\":null,\"name\":\"Edgware Road (Circle Line) Underground Station - Richmond Underground Station\",\"direction\":\"inbound\",\"origination_name\":\"Edgware Road (Circle Line) Underground Station\",\"destination_name\":\"Richmond Underground Station\",\"originator\":\"940GZZLUERC\",\"destination\":\"940GZZLURMD\",\"service_type\":\"Regular\",\"valid_to\":\"2024-12-23T00:00:00Z\",\"valid_from\":\"2024-07-06T00:00:00Z\"},{\"route_code\":null,\"name\":\"Richmond Underground Station - Edgware Road (Circle Line) Underground Station\",\"direction\":\"outbound\",\"origination_name\":\"Richmond Underground Station\",\"destination_name\":\"Edgware Road (Circle Line) Underground Station\",\"originator\":\"940GZZLURMD\",\"destination\":\"940GZZLUERC\",\"service_type\":\"Regular\",\"valid_to\":\"2024-12-23T00:00:00Z\",\"valid_from\":\"2024-07-06T00:00:00Z\"},{\"route_code\":null,\"name\":\"Edgware Road (Circle Line) Underground Station - Wimbledon Underground Station\",\"direction\":\"inbound\",\"origination_name\":\"Edgware Road (Circle Line) Underground Station\",\"destination_name\":\"Wimbledon Underground Station\",\"originator\":\"940GZZLUERC\",\"destination\":\"940GZZLUWIM\",\"service_type\":\"Regular\",\"valid_to\":\"2024-12-23T00:00:00Z\",\"valid_from\":\"2024-07-06T00:00:00Z\"},{\"route_code\":null,\"name\":\"Wimbledon Underground Station - Edgware Road (Circle Line) Underground Station\",\"direction\":\"outbound\",\"origination_name\":\"Wimbledon Underground Station\",\"destination_name\":\"Edgware Road (Circle Line) Underground Station\",\"originator\":\"940GZZLUWIM\",\"destination\":\"940GZZLUERC\",\"service_type\":\"Regular\",\"valid_to\":\"2024-12-23T00:00:00Z\",\"valid_from\":\"2024-07-06T00:00:00Z\"},{\"route_code\":null,\"name\":\"Edgware Road (Circle Line) Underground Station - Kensington (Olympia) Underground Station\",\"direction\":\"inbound\",\"origination_name\":\"Edgware Road (Circle Line) Underground Station\",\"destination_name\":\"Kensington (Olympia) Underground Station\",\"originator\":\"940GZZLUERC\",\"destination\":\"940GZZLUKOY\",\"service_type\":\"Regular\",\"valid_to\":\"2024-12-23T00:00:00Z\",\"valid_from\":\"2024-07-06T00:00:00Z\"},{\"route_code\":null,\"name\":\"Kensington (Olympia) Underground Station - Edgware Road (Circle Line) Underground Station\",\"direction\":\"outbound\",\"origination_name\":\"Kensington (Olympia) Underground Station\",\"destination_name\":\"Edgware Road (Circle Line) Underground Station\",\"originator\":\"940GZZLUKOY\",\"destination\":\"940GZZLUERC\",\"service_type\":\"Regular\",\"valid_to\":\"2024-12-23T00:00:00Z\",\"valid_from\":\"2024-07-06T00:00:00Z\"}],\"service_types\":[{\"name\":\"Regular\",\"uri\":\"/Line/Route?ids=District&serviceTypes=Regular\"}],\"crowding\":{\"passenger_flows\":null,\"train_loadings\":null},\"content_expires\":\"2024-07-16T03:40:59Z\",\"shared_expires\":\"2024-07-16T15:40:59Z\"}", "{\"id\":\"hammersmith-city\",\"name\":\"Hammersmith & City\",\"mode_name\":\"tube\",\"disruptions\":[],\"created\":\"2024-07-09T13:08:01.777000Z\",\"modified\":\"2024-07-09T13:08:01.777000Z\",\"line_statuses\":[],\"route_sections\":[{\"route_code\":null,\"name\":\"Barking Underground Station - Hammersmith (H&C Line) Underground Station\",\"direction\":\"inbound\",\"origination_name\":\"Barking Underground Station\",\"destination_name\":\"Hammersmith (H&C Line) Underground Station\",\"originator\":\"940GZZLUBKG\",\"destination\":\"940GZZLUHSC\",\"service_type\":\"Regular\",\"valid_to\":\"2024-12-23T00:00:00Z\",\"valid_from\":\"2024-07-06T00:00:00Z\"},{\"route_code\":null,\"name\":\"Hammersmith (H&C Line) Underground Station - Barking Underground Station\",\"direction\":\"outbound\",\"origination_name\":\"Hammersmith (H&C Line) Underground Station\",\"destination_name\":\"Barking Underground Station\",\"originator\":\"940GZZLUHSC\",\"destination\":\"940GZZLUBKG\",\"service_type\":\"Regular\",\"valid_to\":\"2024-12-23T00:00:00Z\",\"valid_from\":\"2024-07-06T00:00:00Z\"}],\"service_types\":[{\"name\":\"Regular\",\"uri\":\"/Line/Route?ids=Hammersmith & City&serviceTypes=Regular\"}],\"crowding\":{\"passenger_flows\":null,\"train_loadings\":null},\"content_expires\":\"2024-07-16T03:40:59Z\",\"shared_expires\":\"2024-07-16T15:40:59Z\"}", "{\"id\":\"jubilee\",\"name\":\"Jubilee\",\"mode_name\":\"tube\",\"disruptions\":[],\"created\":\"2024-07-09T13:08:01.790000Z\",\"modified\":\"2024-07-09T13:08:01.790000Z\",\"line_statuses\":[],\"route_sections\":[{\"route_code\":null,\"name\":\"Stratford Underground Station - Stanmore Underground Station\",\"direction\":\"inbound\",\"origination_name\":\"Stratford Underground Station\",\"destination_name\":\"Stanmore Underground Station\",\"originator\":\"940GZZLUSTD\",\"destination\":\"940GZZLUSTM\",\"service_type\":\"Regular\",\"valid_to\":\"2024-12-23T00:00:00Z\",\"valid_from\":\"2024-07-06T00:00:00Z\"},{\"route_code\":null,\"name\":\"Stanmore Underground Station - Stratford Underground Station\",\"direction\":\"outbound\",\"origination_name\":\"Stanmore Underground Station\",\"destination_name\":\"Stratford Underground Station\",\"originator\":\"940GZZLUSTM\",\"destination\":\"940GZZLUSTD\",\"service_type\":\"Regular\",\"valid_to\":\"2024-12-23T00:00:00Z\",\"valid_from\":\"2024-07-06T00:00:00Z\"}],\"service_types\":[{\"name\":\"Regular\",\"uri\":\"/Line/Route?ids=Jubilee&serviceTypes=Regular\"},{\"name\":\"Night\",\"uri\":\"/Line/Route?ids=Jubilee&serviceTypes=Night\"}],\"crowding\":{\"passenger_flows\":null,\"train_loadings\":null},\"content_expires\":\"2024-07-16T03:40:59Z\",\"shared_expires\":\"2024-07-16T15:40:59Z\"}", "{\"id\":\"metropolitan\",\"name\":\"Metropolitan\",\"mode_name\":\"tube\",\"disruptions\":[],\"created\":\"2024-07-09T13:08:01.790000Z\",\"modified\":\"2024-07-09T13:08:01.790000Z\",\"line_statuses\":[],\"route_sections\":[{\"route_code\":null,\"name\":\"Aldgate Underground Station - Amersham Underground Station\",\"direction\":\"inbound\",\"origination_name\":\"Aldgate Underground Station\",\"destination_name\":\"Amersham Underground Station\",\"originator\":\"940GZZLUALD\",\"destination\":\"940GZZLUAMS\",\"service_type\":\"Regular\",\"valid_to\":\"2024-12-23T00:00:00Z\",\"valid_from\":\"2024-07-06T00:00:00Z\"},{\"route_code\":null,\"name\":\"Aldgate Underground Station - Chesham Underground Station\",\"direction\":\"inbound\",\"origination_name\":\"Aldgate Underground Station\",\"destination_name\":\"Chesham Underground Station\",\"originator\":\"940GZZLUALD\",\"destination\":\"940GZZLUCSM\",\"service_type\":\"Regular\",\"valid_to\":\"2024-12-23T00:00:00Z\",\"valid_from\":\"2024-07-06T00:00:00Z\"},{\"route_code\":null,\"name\":\"Amersham Underground Station - Aldgate Underground Station\",\"direction\":\"outbound\",\"origination_name\":\"Amersham Underground Station\",\"destination_name\":\"Aldgate Underground Station\",\"originator\":\"940GZZLUAMS\",\"destination\":\"940GZZLUALD\",\"service_type\":\"Regular\",\"valid_to\":\"2024-12-23T00:00:00Z\",\"valid_from\":\"2024-07-06T00:00:00Z\"},{\"route_code\":null,\"name\":\"Chesham Underground Station - Aldgate Underground Station\",\"direction\":\"outbound\",\"origination_name\":\"Chesham Underground Station\",\"destination_name\":\"Aldgate Underground Station\",\"originator\":\"940GZZLUCSM\",\"destination\":\"940GZZLUALD\",\"service_type\":\"Regular\",\"valid_to\":\"2024-12-23T00:00:00Z\",\"valid_from\":\"2024-07-06T00:00:00Z\"},{\"route_code\":null,\"name\":\"Aldgate Underground Station - Uxbridge Underground Station\",\"direction\":\"inbound\",\"origination_name\":\"Aldgate Underground Station\",\"destination_name\":\"Uxbridge Underground Station\",\"originator\":\"940GZZLUALD\",\"destination\":\"940GZZLUUXB\",\"service_type\":\"Regular\",\"valid_to\":\"2024-12-23T00:00:00Z\",\"valid_from\":\"2024-07-06T00:00:00Z\"},{\"route_code\":null,\"name\":\"Uxbridge Underground Station - Aldgate Underground Station\",\"direction\":\"outbound\",\"origination_name\":\"Uxbridge Underground Station\",\"destination_name\":\"Aldgate Underground Station\",\"originator\":\"940GZZLUUXB\",\"destination\":\"940GZZLUALD\",\"service_type\":\"Regular\",\"valid_to\":\"2024-12-23T00:00:00Z\",\"valid_from\":\"2024-07-06T00:00:00Z\"},{\"route_code\":null,\"name\":\"Aldgate Underground Station - Watford Underground Station\",\"direction\":\"inbound\",\"origination_name\":\"Aldgate Underground Station\",\"destination_name\":\"Watford Underground Station\",\"originator\":\"940GZZLUALD\",\"destination\":\"940GZZLUWAF\",\"service_type\":\"Regular\",\"valid_to\":\"2024-12-23T00:00:00Z\",\"valid_from\":\"2024-07-06T00:00:00Z\"},{\"route_code\":null,\"name\":\"Watford Underground Station - Aldgate Underground Station\",\"direction\":\"outbound\",\"origination_name\":\"Watford Underground Station\",\"destination_name\":\"Aldgate Underground Station\",\"originator\":\"940GZZLUWAF\",\"destination\":\"940GZZLUALD\",\"service_type\":\"Regular\",\"valid_to\":\"2024-12-23T00:00:00Z\",\"valid_from\":\"2024-07-06T00:00:00Z\"}],\"service_types\":[{\"name\":\"Regular\",\"uri\":\"/Line/Route?ids=Metropolitan&serviceTypes=Regular\"}],\"crowding\":{\"passenger_flows\":null,\"train_loadings\":null},\"content_expires\":\"2024-07-16T03:40:59Z\",\"shared_expires\":\"2024-07-16T15:40:59Z\"}", "{\"id\":\"northern\",\"name\":\"Northern\",\"mode_name\":\"tube\",\"disruptions\":[],\"created\":\"2024-07-09T13:08:01.790000Z\",\"modified\":\"2024-07-09T13:08:01.790000Z\",\"line_statuses\":[],\"route_sections\":[{\"route_code\":null,\"name\":\"High Barnet Underground Station - Morden Underground Station\",\"direction\":\"inbound\",\"origination_name\":\"High Barnet Underground Station\",\"destination_name\":\"Morden Underground Station\",\"originator\":\"940GZZLUHBT\",\"destination\":\"940GZZLUMDN\",\"service_type\":\"Regular\",\"valid_to\":\"2024-12-23T00:00:00Z\",\"valid_from\":\"2024-07-06T00:00:00Z\"},{\"route_code\":null,\"name\":\"High Barnet Underground Station - Morden Underground Station\",\"direction\":\"inbound\",\"origination_name\":\"High Barnet Underground Station\",\"destination_name\":\"Morden Underground Station\",\"originator\":\"940GZZLUHBT\",\"destination\":\"940GZZLUMDN\",\"service_type\":\"Regular\",\"valid_to\":\"2024-12-23T00:00:00Z\",\"valid_from\":\"2024-07-06T00:00:00Z\"},{\"route_code\":null,\"name\":\"Morden Underground Station - High Barnet Underground Station\",\"direction\":\"outbound\",\"origination_name\":\"Morden Underground Station\",\"destination_name\":\"High Barnet Underground Station\",\"originator\":\"940GZZLUMDN\",\"destination\":\"940GZZLUHBT\",\"service_type\":\"Regular\",\"valid_to\":\"2024-12-23T00:00:00Z\",\"valid_from\":\"2024-07-06T00:00:00Z\"},{\"route_code\":null,\"name\":\"Morden Underground Station - High Barnet Underground Station\",\"direction\":\"outbound\",\"origination_name\":\"Morden Underground Station\",\"destination_name\":\"High Barnet Underground Station\",\"originator\":\"940GZZLUMDN\",\"destination\":\"940GZZLUHBT\",\"service_type\":\"Regular\",\"valid_to\":\"2024-12-23T00:00:00Z\",\"valid_from\":\"2024-07-06T00:00:00Z\"},{\"route_code\":null,\"name\":\"Edgware Underground Station - Morden Underground Station\",\"direction\":\"inbound\",\"origination_name\":\"Edgware Underground Station\",\"destination_name\":\"Morden Underground Station\",\"originator\":\"940GZZLUEGW\",\"destination\":\"940GZZLUMDN\",\"service_type\":\"Regular\",\"valid_to\":\"2024-12-23T00:00:00Z\",\"valid_from\":\"2024-07-06T00:00:00Z\"},{\"route_code\":null,\"name\":\"Edgware Underground Station - Morden Underground Station\",\"direction\":\"inbound\",\"origination_name\":\"Edgware Underground Station\",\"destination_name\":\"Morden Underground Station\",\"originator\":\"940GZZLUEGW\",\"destination\":\"940GZZLUMDN\",\"service_type\":\"Regular\",\"valid_to\":\"2024-12-23T00:00:00Z\",\"valid_from\":\"2024-07-06T00:00:00Z\"},{\"route_code\":null,\"name\":\"Morden Underground Station - Edgware Underground Station\",\"direction\":\"outbound\",\"origination_name\":\"Morden Underground Station\",\"destination_name\":\"Edgware Underground Station\",\"originator\":\"940GZZLUMDN\",\"destination\":\"940GZZLUEGW\",\"service_type\":\"Regular\",\"valid_to\":\"2024-12-23T00:00:00Z\",\"valid_from\":\"2024-07-06T00:00:00Z\"},{\"route_code\":null,\"name\":\"Morden Underground Station - Edgware Underground Station\",\"direction\":\"outbound\",\"origination_name\":\"Morden Underground Station\",\"destination_name\":\"Edgware Underground Station\",\"originator\":\"940GZZLUMDN\",\"destination\":\"940GZZLUEGW\",\"service_type\":\"Regular\",\"valid_to\":\"2024-12-23T00:00:00Z\",\"valid_from\":\"2024-07-06T00:00:00Z\"},{\"route_code\":null,\"name\":\"Mill Hill East Underground Station - Morden Underground Station\",\"direction\":\"inbound\",\"origination_name\":\"Mill Hill East Underground Station\",\"destination_name\":\"Morden Underground Station\",\"originator\":\"940GZZLUMHL\",\"destination\":\"940GZZLUMDN\",\"service_type\":\"Regular\",\"valid_to\":\"2024-12-23T00:00:00Z\",\"valid_from\":\"2024-07-06T00:00:00Z\"},{\"route_code\":null,\"name\":\"Mill Hill East Underground Station - Morden Underground Station\",\"direction\":\"inbound\",\"origination_name\":\"Mill Hill East Underground Station\",\"destination_name\":\"Morden Underground Station\",\"originator\":\"940GZZLUMHL\",\"destination\":\"940GZZLUMDN\",\"service_type\":\"Regular\",\"valid_to\":\"2024-12-23T00:00:00Z\",\"valid_from\":\"2024-07-06T00:00:00Z\"},{\"route_code\":null,\"name\":\"Morden Underground Station - Mill Hill East Underground Station\",\"direction\":\"outbound\",\"origination_name\":\"Morden Underground Station\",\"destination_name\":\"Mill Hill East Underground Station\",\"originator\":\"940GZZLUMDN\",\"destination\":\"940GZZLUMHL\",\"service_type\":\"Regular\",\"valid_to\":\"2024-12-23T00:00:00Z\",\"valid_from\":\"2024-07-06T00:00:00Z\"},{\"route_code\":null,\"name\":\"Morden Underground Station - Mill Hill East Underground Station\",\"direction\":\"outbound\",\"origination_name\":\"Morden Underground Station\",\"destination_name\":\"Mill Hill East Underground Station\",\"originator\":\"940GZZLUMDN\",\"destination\":\"940GZZLUMHL\",\"service_type\":\"Regular\",\"valid_to\":\"2024-12-23T00:00:00Z\",\"valid_from\":\"2024-07-06T00:00:00Z\"},{\"route_code\":null,\"name\":\"High Barnet Underground Station - Battersea Power Station Underground Station\",\"direction\":\"inbound\",\"origination_name\":\"High Barnet Underground Station\",\"destination_name\":\"Battersea Power Station Underground Station\",\"originator\":\"940GZZLUHBT\",\"destination\":\"940GZZBPSUST\",\"service_type\":\"Regular\",\"valid_to\":\"2024-12-23T00:00:00Z\",\"valid_from\":\"2024-07-06T00:00:00Z\"},{\"route_code\":null,\"name\":\"Battersea Power Station Underground Station - High Barnet Underground Station\",\"direction\":\"outbound\",\"origination_name\":\"Battersea Power Station Underground Station\",\"destination_name\":\"High Barnet Underground Station\",\"originator\":\"940GZZBPSUST\",\"destination\":\"940GZZLUHBT\",\"service_type\":\"Regular\",\"valid_to\":\"2024-12-23T00:00:00Z\",\"valid_from\":\"2024-07-06T00:00:00Z\"},{\"route_code\":null,\"name\":\"Edgware Underground Station - Battersea Power Station Underground Station\",\"direction\":\"inbound\",\"origination_name\":\"Edgware Underground Station\",\"destination_name\":\"Battersea Power Station Underground Station\",\"originator\":\"940GZZLUEGW\",\"destination\":\"940GZZBPSUST\",\"service_type\":\"Regular\",\"valid_to\":\"2024-12-23T00:00:00Z\",\"valid_from\":\"2024-07-06T00:00:00Z\"},{\"route_code\":null,\"name\":\"Battersea Power Station Underground Station - Edgware Underground Station\",\"direction\":\"outbound\",\"origination_name\":\"Battersea Power Station Underground Station\",\"destination_name\":\"Edgware Underground Station\",\"originator\":\"940GZZBPSUST\",\"destination\":\"940GZZLUEGW\",\"service_type\":\"Regular\",\"valid_to\":\"2024-12-23T00:00:00Z\",\"valid_from\":\"2024-07-06T00:00:00Z\"}],\"service_types\":[{\"name\":\"Regular\",\"uri\":\"/Line/Route?ids=Northern&serviceTypes=Regular\"},{\"name\":\"Night\",\"uri\":\"/Line/Route?ids=Northern&serviceTypes=Night\"}],\"crowding\":{\"passenger_flows\":null,\"train_loadings\":null},\"content_expires\":\"2024-07-16T03:40:59Z\",\"shared_expires\":\"2024-07-16T15:40:59Z\"}", "{\"id\":\"piccadilly\",\"name\":\"Piccadilly\",\"mode_name\":\"tube\",\"disruptions\":[],\"created\":\"2024-07-09T13:08:01.777000Z\",\"modified\":\"2024-07-09T13:08:01.777000Z\",\"line_statuses\":[],\"route_sections\":[{\"route_code\":null,\"name\":\"Cockfosters Underground Station - Uxbridge Underground Station\",\"direction\":\"inbound\",\"origination_name\":\"Cockfosters Underground Station\",\"destination_name\":\"Uxbridge Underground Station\",\"originator\":\"940GZZLUCKS\",\"destination\":\"940GZZLUUXB\",\"service_type\":\"Regular\",\"valid_to\":\"2024-12-23T00:00:00Z\",\"valid_from\":\"2024-07-06T00:00:00Z\"},{\"route_code\":null,\"name\":\"Uxbridge Underground Station - Cockfosters Underground Station\",\"direction\":\"outbound\",\"origination_name\":\"Uxbridge Underground Station\",\"destination_name\":\"Cockfosters Underground Station\",\"originator\":\"940GZZLUUXB\",\"destination\":\"940GZZLUCKS\",\"service_type\":\"Regular\",\"valid_to\":\"2024-12-23T00:00:00Z\",\"valid_from\":\"2024-07-06T00:00:00Z\"},{\"route_code\":null,\"name\":\"Cockfosters Underground Station - Heathrow Terminal 5 Underground Station\",\"direction\":\"inbound\",\"origination_name\":\"Cockfosters Underground Station\",\"destination_name\":\"Heathrow Terminal 5 Underground Station\",\"originator\":\"940GZZLUCKS\",\"destination\":\"940GZZLUHR5\",\"service_type\":\"Regular\",\"valid_to\":\"2024-12-23T00:00:00Z\",\"valid_from\":\"2024-07-06T00:00:00Z\"},{\"route_code\":null,\"name\":\"Heathrow Terminal 5 Underground Station - Cockfosters Underground Station\",\"direction\":\"outbound\",\"origination_name\":\"Heathrow Terminal 5 Underground Station\",\"destination_name\":\"Cockfosters Underground Station\",\"originator\":\"940GZZLUHR5\",\"destination\":\"940GZZLUCKS\",\"service_type\":\"Regular\",\"valid_to\":\"2024-12-23T00:00:00Z\",\"valid_from\":\"2024-07-06T00:00:00Z\"},{\"route_code\":null,\"name\":\"Heathrow Terminal 4 Underground Station - Cockfosters Underground Station\",\"direction\":\"outbound\",\"origination_name\":\"Heathrow Terminal 4 Underground Station\",\"destination_name\":\"Cockfosters Underground Station\",\"originator\":\"940GZZLUHR4\",\"destination\":\"940GZZLUCKS\",\"service_type\":\"Regular\",\"valid_to\":\"2024-12-23T00:00:00Z\",\"valid_from\":\"2024-07-06T00:00:00Z\"},{\"route_code\":null,\"name\":\"Cockfosters Underground Station - Heathrow Terminal 4 Underground Station\",\"direction\":\"inbound\",\"origination_name\":\"Cockfosters Underground Station\",\"destination_name\":\"Heathrow Terminal 4 Underground Station\",\"originator\":\"940GZZLUCKS\",\"destination\":\"940GZZLUHR4\",\"service_type\":\"Regular\",\"valid_to\":\"2024-12-23T00:00:00Z\",\"valid_from\":\"2024-07-06T00:00:00Z\"}],\"service_types\":[{\"name\":\"Regular\",\"uri\":\"/Line/Route?ids=Piccadilly&serviceTypes=Regular\"},{\"name\":\"Night\",\"uri\":\"/Line/Route?ids=Piccadilly&serviceTypes=Night\"}],\"crowding\":{\"passenger_flows\":null,\"train_loadings\":null},\"content_expires\":\"2024-07-16T03:40:59Z\",\"shared_expires\":\"2024-07-16T15:40:59Z\"}", "{\"id\":\"victoria\",\"name\":\"Victoria\",\"mode_name\":\"tube\",\"disruptions\":[],\"created\":\"2024-07-09T13:08:01.790000Z\",\"modified\":\"2024-07-09T13:08:01.790000Z\",\"line_statuses\":[],\"route_sections\":[{\"route_code\":null,\"name\":\"Walthamstow Central Underground Station - Brixton Underground Station\",\"direction\":\"inbound\",\"origination_name\":\"Walthamstow Central Underground Station\",\"destination_name\":\"Brixton Underground Station\",\"originator\":\"940GZZLUWWL\",\"destination\":\"940GZZLUBXN\",\"service_type\":\"Regular\",\"valid_to\":\"2024-12-23T00:00:00Z\",\"valid_from\":\"2024-07-06T00:00:00Z\"},{\"route_code\":null,\"name\":\"Brixton Underground Station - Walthamstow Central Underground Station\",\"direction\":\"outbound\",\"origination_name\":\"Brixton Underground Station\",\"destination_name\":\"Walthamstow Central Underground Station\",\"originator\":\"940GZZLUBXN\",\"destination\":\"940GZZLUWWL\",\"service_type\":\"Regular\",\"valid_to\":\"2024-12-23T00:00:00Z\",\"valid_from\":\"2024-07-06T00:00:00Z\"}],\"service_types\":[{\"name\":\"Regular\",\"uri\":\"/Line/Route?ids=Victoria&serviceTypes=Regular\"},{\"name\":\"Night\",\"uri\":\"/Line/Route?ids=Victoria&serviceTypes=Night\"}],\"crowding\":{\"passenger_flows\":null,\"train_loadings\":null},\"content_expires\":\"2024-07-16T03:40:59Z\",\"shared_expires\":\"2024-07-16T15:40:59Z\"}", "{\"id\":\"waterloo-city\",\"name\":\"Waterloo & City\",\"mode_name\":\"tube\",\"disruptions\":[],\"created\":\"2024-07-09T13:08:01.790000Z\",\"modified\":\"2024-07-09T13:08:01.790000Z\",\"line_statuses\":[],\"route_sections\":[{\"route_code\":null,\"name\":\"Bank Underground Station - Waterloo Underground Station\",\"direction\":\"inbound\",\"origination_name\":\"Bank Underground Station\",\"destination_name\":\"Waterloo Underground Station\",\"originator\":\"940GZZLUBNK\",\"destination\":\"940GZZLUWLO\",\"service_type\":\"Regular\",\"valid_to\":\"2024-12-23T00:00:00Z\",\"valid_from\":\"2024-07-08T00:00:00Z\"},{\"route_code\":null,\"name\":\"Waterloo Underground Station - Bank Underground Station\",\"direction\":\"outbound\",\"origination_name\":\"Waterloo Underground Station\",\"destination_name\":\"Bank Underground Station\",\"originator\":\"940GZZLUWLO\",\"destination\":\"940GZZLUBNK\",\"service_type\":\"Regular\",\"valid_to\":\"2024-12-23T00:00:00Z\",\"valid_from\":\"2024-07-08T00:00:00Z\"}],\"service_types\":[{\"name\":\"Regular\",\"uri\":\"/Line/Route?ids=Waterloo & City&serviceTypes=Regular\"}],\"crowding\":{\"passenger_flows\":null,\"train_loadings\":null},\"content_expires\":\"2024-07-16T03:40:59Z\",\"shared_expires\":\"2024-07-16T15:40:59Z\"}"]