"{\"naptan_id\":\"940GZZLUASL\",\"platform_name\":null,\"indicator\":null,\"stop_letter\":null,\"modes\":[\"tube\"],\"ics_code\":\"1000010\",\"sms_code\":null,\"stop_type\":\"NaptanMetroStation\",\"station_naptan\":\"940GZZLUASL\",\"accessibility_summary\":null,\"hub_naptan_code\":null,\"lines\":[{\"id\":\"piccadilly\",\"name\":\"Piccadilly\",\"mode_name\":null,\"disruptions\":[],\"created\":null,\"modified\":null,\"line_statuses\":null,\"route_sections\":null,\"service_types\":null,\"crowding\":{\"passenger_flows\":null,\"train_loadings\":null},\"content_expires\":null,\"shared_expires\":null}],\"line_group\":[{\"naptan_id_reference\":null,\"station_atco_code\":null,\"line_identifier\":[\"piccadilly\"]}],\"line_mode_groups\":[{\"mode_name\":\"tube\",\"line_identifier\":[\"piccadilly\"]}],\"full_name\":null,\"naptan_mode\":null,\"status\":true,\"id\":\"940GZZLUASL\",\"url\":null,\"common_name\":\"Arsenal Underground Station\",\"distance\":null,\"place_type\":\"StopPoint\",\"additional_properties\":[{\"category\":\"ServiceInfo\",\"key\":\"Night\",\"source_system_key\":\"TransXchangeETL\",\"value\":\"yes\",\"modified\":null},{\"category\":\"Facility\",\"key\":\"Lifts\",\"source_system_key\":\"StaticObjects\",\"value\":\"0\",\"modified\":null},{\"category\":\"Address\",\"key\":\"PhoneNo\",\"source_system_key\":\"StaticObjects\",\"value\":\"0845 330 9880\",\"modified\":null},{\"category\":\"Facility\",\"key\":\"Ticket Halls\",\"source_system_key\":\"StaticObjects\",\"value\":\"1\",\"modified\":null},{\"category\":\"Facility\",\"key\":\"Car park\",\"source_system_key\":\"StaticObjects\",\"value\":\"no\",\"modified\":null},{\"category\":\"Facility\",\"key\":\"Cash Machines\",\"source_system_key\":\"StaticObjects\",\"value\":\"0\",\"modified\":null},{\"category\":\"Geo\",\"key\":\"Zone\",\"source_system_key\":\"StaticObjects\",\"value\":\"2\",\"modified\":null},{\"category\":\"Facility\",\"key\":\"Escalators\",\"source_system_key\":\"StaticObjects\",\"value\":\"0\",\"modified\":null},{\"category\":\"Facility\",\"key\":\"Photo Booths\",\"source_system_key\":\"StaticObjects\",\"value\":\"0\",\"modified\":null},{\"category\":\"Facility\",\"key\":\"Waiting Room\",\"source_system_key\":\"StaticObjects\",\"value\":\"no\",\"modified\":null},{\"category\":\"Address\",\"key\":\"Address\",\"source_system_key\":\"StaticObjects\",\"value\":\"Arsenal Station,London Underground Ltd.,Highbury Hill,London,N5 1LP\",\"modified\":null},{\"category\":\"Facility\",\"key\":\"Help Points\",\"source_system_key\":\"StaticObjects\",\"value\":\"4 on platforms, 0 in ticket halls, 1 elsewhere\",\"modified\":null},{\"category\":\"Facility\",\"key\":\"Other Facilities\",\"source_system_key\":\"StaticObjects\",\"value\":\"routeways platform to ticket hall.\",\"modified\":null},{\"category\":\"Facility\",\"key\":\"Toilets\",\"source_system_key\":\"StaticObjects\",\"value\":\"no\",\"modified\":null},{\"category\":\"Facility\",\"key\":\"WiFi\",\"source_system_key\":\"StaticObjects\",\"value\":\"yes\",\"modified\":null},{\"category\":\"Facility\",\"key\":\"Bridge\",\"source_system_key\":\"StaticObjects\",\"value\":\"no\",\"modified\":null},{\"category\":\"Facility\",\"key\":\"Gates\",\"source_system_key\":\"StaticObjects\",\"value\":\"3\",\"modified\":null},{\"category\":\"Facility\",\"key\":\"Payphones\",\"source_system_key\":\"StaticObjects\",\"value\":\"0\",\"modified\":null}],\"children\":[{\"naptan_id\":\"4900ZZLUASL1\",\"platform_name\":null,\"indicator\":\"Entrance 1\",\"stop_letter\":\"1\",\"modes\":[\"tube\"],\"ics_code\":\"1000010\",\"sms_code\":null,\"stop_type\":\"NaptanMetroEntrance\",\"station_naptan\":\"940GZZLUASL\",\"accessibility_summary\":null,\"hub_naptan_code\":null,\"lines\":[],\"line_group\":[],\"line_mode_groups\":[],\"full_name\":null,\"naptan_mode\":null,\"status\":true,\"id\":\"4900ZZLUASL1\",\"url\":null,\"common_name\":\"Arsenal Underground Station\",\"distance\":null,\"place_type\":\"StopPoint\",\"additional_properties\":[{\"category\":\"Facility\",\"key\":\"Other Facilities\",\"source_system_key\":\"StaticObjects\",\"value\":\"routeways platform to ticket hall.\",\"modified\":null},{\"category\":\"Facility\",\"key\":\"Escalators\",\"source_system_key\":\"StaticObjects\",\"value\":\"0\",\"modified\":null},{\"category\":\"Facility\",\"key\":\"Help Points\",\"source_system_key\":\"StaticObjects\",\"value\":\"4 on platforms, 0 in ticket halls, 1 elsewhere\",\"modified\":null},{\"category\":\"Facility\",\"key\":\"Toilets\",\"source_system_key\":\"StaticObjects\",\"value\":\"no\",\"modified\":null},{\"category\":\"Geo\",\"key\":\"Zone\",\"source_system_key\":\"StaticObjects\",\"value\":\"2\",\"modified\":null},{\"category\":\"Facility\",\"key\":\"Gates\",\"source_system_key\":\"StaticObjects\",\"value\":\"3\",\"modified\":null},{\"category\":\"Address\",\"key\":\"PhoneNo\",\"source_system_key\":\"StaticObjects\",\"value\":\"0845 330 9880\",\"modified\":null},{\"category\":\"Facility\",\"key\":\"Bridge\",\"source_system_key\":\"StaticObjects\",\"value\":\"no\",\"modified\":null},{\"category\":\"Facility\",\"key\":\"Ticket Halls\",\"source_system_key\":\"StaticObjects\",\"value\":\"1\",\"modified\":null},{\"category\":\"Facility\",\"key\":\"Car park\",\"source_system_key\":\"StaticObjects\",\"value\":\"no\",\"modified\":null},{\"category\":\"Facility\",\"key\":\"Cash Machines\",\"source_system_key\":\"StaticObjects\",\"value\":\"0\",\"modified\":null},{\"category\":\"Facility\",\"key\":\"Lifts\",\"source_system_key\":\"StaticObjects\",\"value\":\"0\",\"modified\":null},{\"category\":\"Facility\",\"key\":\"Payphones\",\"source_system_key\":\"StaticObjects\",\"value\":\"0\",\"modified\":null},{\"category\":\"Facility\",\"key\":\"Waiting Room\",\"source_system_key\":\"StaticObjects\",\"value\":\"no\",\"modified\":null},{\"category\":\"Address\",\"key\":\"Address\",\"source_system_key\":\"StaticObjects\",\"value\":\"Arsenal Station,London Underground Ltd.,Highbury Hill,London,N5 1LP\",\"modified\":null},{\"category\":\"Facility\",\"key\":\"Photo Booths\",\"source_system_key\":\"StaticObjects\",\"value\":\"0\",\"modified\":null},{\"category\":\"Facility\",\"key\":\"WiFi\",\"source_system_key\":\"StaticObjects\",\"value\":\"yes\",\"modified\":null}],\"children\":[],\"children_urls\":[],\"lat\":51.5584,\"lon\":-0.105679,\"content_expires\":null,\"shared_expires\":null},{\"naptan_id\":\"490G00010W\",\"platform_name\":null,\"indicator\":null,\"stop_letter\":null,\"modes\":[\"bus\"],\"ics_code\":\"1000010\",\"sms_code\":null,\"stop_type\":\"NaptanOnstreetBusCoachStopCluster\",\"station_naptan\":\"940GZZLUASL\",\"accessibility_summary\":null,\"hub_naptan_code\":null,\"lines\":[],\"line_group\":[],\"line_mode_groups\":[],\"full_name\":null,\"naptan_mode\":null,\"status\":true,\"id\":\"490G00010W\",\"url\":null,\"common_name\":\"Arsenal\",\"distance\":null,\"place_type\":\"StopPoint\",\"additional_properties\":[{\"category\":\"Facility\",\"key\":\"Cash Machines\",\"source_system_key\":\"StaticObjects\",\"value\":\"0\",\"modified\":null},{\"category\":\"Geo\",\"key\":\"Zone\",\"source_system_key\":\"StaticObjects\",\"value\":\"2\",\"modified\":null},{\"category\":\"Facility\",\"key\":\"Car park\",\"source_system_key\":\"StaticObjects\",\"value\":\"no\",\"modified\":null},{\"category\":\"Facility\",\"key\":\"Gates\",\"source_system_key\":\"StaticObjects\",\"value\":\"3\",\"modified\":null},{\"category\":\"Address\",\"key\":\"PhoneNo\",\"source_system_key\":\"StaticObjects\",\"value\":\"0845 330 9880\",\"modified\":null},{\"category\":\"Facility\",\"key\":\"Waiting Room\",\"source_system_key\":\"StaticObjects\",\"value\":\"no\",\"modified\":null},{\"category\":\"Facility\",\"key\":\"WiFi\",\"source_system_key\":\"StaticObjects\",\"value\":\"yes\",\"modified\":null},{\"category\":\"Facility\",\"key\":\"Escalators\",\"source_system_key\":\"StaticObjects\",\"value\":\"0\",\"modified\":null},{\"category\":\"Facility\",\"key\":\"Help Points\",\"source_system_key\":\"StaticObjects\",\"value\":\"4 on platforms, 0 in ticket halls, 1 elsewhere\",\"modified\":null},{\"category\":\"Facility\",\"key\":\"Toilets\",\"source_system_key\":\"StaticObjects\",\"value\":\"no\",\"modified\":null},{\"category\":\"Address\",\"key\":\"Address\",\"source_system_key\":\"StaticObjects\",\"value\":\"Arsenal Station,London Underground Ltd.,Highbury Hill,London,N5 1LP\",\"modified\":null},{\"category\":\"Facility\",\"key\":\"Other Facilities\",\"source_system_key\":\"StaticObjects\",\"value\":\"routeways platform to ticket hall.\",\"modified\":null},{\"category\":\"Facility\",\"key\":\"Photo Booths\",\"source_system_key\":\"StaticObjects\",\"value\":\"0\",\"modified\":null},{\"category\":\"Facility\",\"key\":\"Bridge\",\"source_system_key\":\"StaticObjects\",\"value\":\"no\",\"modified\":null},{\"category\":\"Facility\",\"key\":\"Lifts\",\"source_system_key\":\"StaticObjects\",\"value\":\"0\",\"modified\":null},{\"category\":\"Facility\",\"key\":\"Payphones\",\"source_system_key\":\"StaticObjects\",\"value\":\"0\",\"modified\":null},{\"category\":\"Facility\",\"key\":\"Ticket Halls\",\"source_system_key\":\"StaticObjects\",\"value\":\"1\",\"modified\":null}],\"children\":[],\"children_urls\":[],\"lat\":51.558655,\"lon\":-0.107457,\"content_expires\":null,\"shared_expires\":null},{\"naptan_id\":\"9400ZZLUASL\",\"platform_name\":null,\"indicator\":null,\"stop_letter\":null,\"modes\":[\"tube\"],\"ics_code\":\"1000010\",\"sms_code\":null,\"stop_type\":\"NaptanMetroAccessArea\",\"station_naptan\":\"940GZZLUASL\",\"accessibility_summary\":null,\"hub_naptan_code\":null,\"lines\":[],\"line_group\":[],\"line_mode_groups\":[],\"full_name\":null,\"naptan_mode\":null,\"status\":true,\"id\":\"9400ZZLUASL\",\"url\":null,\"common_name\":\"Arsenal Underground Station\",\"distance\":null,\"place_type\":\"StopPoint\",\"additional_properties\":[{\"category\":\"Facility\",\"key\":\"Payphones\",\"source_system_key\":\"StaticObjects\",\"value\":\"0\",\"modified\":null},{\"category\":\"Address\",\"key\":\"Address\",\"source_system_key\":\"StaticObjects\",\"value\":\"Arsenal Station,London Underground Ltd.,Highbury Hill,London,N5 1LP\",\"modified\":null},{\"category\":\"Facility\",\"key\":\"Ticket Halls\",\"source_system_key\":\"StaticObjects\",\"value\":\"1\",\"modified\":null},{\"category\":\"Facility\",\"key\":\"WiFi\",\"source_system_key\":\"StaticObjects\",\"value\":\"yes\",\"modified\":null},{\"category\":\"Facility\",\"key\":\"Photo Booths\",\"source_system_key\":\"StaticObjects\",\"value\":\"0\",\"modified\":null},{\"category\":\"Geo\",\"key\":\"Zone\",\"source_system_key\":\"StaticObjects\",\"value\":\"2\",\"modified\":null},{\"category\":\"Facility\",\"key\":\"Car park\",\"source_system_key\":\"StaticObjects\",\"value\":\"no\",\"modified\":null},{\"category\":\"Facility\",\"key\":\"Escalators\",\"source_system_key\":\"StaticObjects\",\"value\":\"0\",\"modified\":null},{\"category\":\"Address\",\"key\":\"PhoneNo\",\"source_system_key\":\"StaticObjects\",\"value\":\"0845 330 9880\",\"modified\":null},{\"category\":\"Facility\",\"key\":\"Cash Machines\",\"source_system_key\":\"StaticObjects\",\"value\":\"0\",\"modified\":null},{\"category\":\"Facility\",\"key\":\"Other Facilities\",\"source_system_key\":\"StaticObjects\",\"value\":\"routeways platform to ticket hall.\",\"modified\":null},{\"category\":\"Facility\",\"key\":\"Waiting Room\",\"source_system_key\":\"StaticObjects\",\"value\":\"no\",\"modified\":null},{\"category\":\"Facility\",\"key\":\"Gates\",\"source_system_key\":\"StaticObjects\",\"value\":\"3\",\"modified\":null},{\"category\":\"Facility\",\"key\":\"Help Points\",\"source_system_key\":\"StaticObjects\",\"value\":\"4 on platforms, 0 in ticket halls, 1 elsewhere\",\"modified\":null},{\"category\":\"Facility\",\"key\":\"Lifts\",\"source_system_key\":\"StaticObjects\",\"value\":\"0\",\"modified\":null},{\"category\":\"Facility\",\"key\":\"Toilets\",\"source_system_key\":\"StaticObjects\",\"value\":\"no\",\"modified\":null},{\"category\":\"Facility\",\"key\":\"Bridge\",\"source_system_key\":\"StaticObjects\",\"value\":\"no\",\"modified\":null}],\"children\":[],\"children_urls\":[],\"lat\":51.558655,\"lon\":-0.107457,\"content_expires\":null,\"shared_expires\":null},{\"naptan_id\":\"9400ZZLUASL1\",\"platform_name\":null,\"indicator\":null,\"stop_letter\":null,\"modes\":[\"tube\"],\"ics_code\":\"1000010\",\"sms_code\":null,\"stop_type\":\"NaptanMetroPlatform\",\"station_naptan\":\"940GZZLUASL\",\"accessibility_summary\":null,\"hub_naptan_code\":null,\"lines\":[{\"id\":\"piccadilly\",\"name\":\"Piccadilly\",\"mode_name\":null,\"disruptions\":[],\"created\":null,\"modified\":null,\"line_statuses\":null,\"route_sections\":null,\"service_types\":null,\"crowding\":{\"passenger_flows\":null,\"train_loadings\":null},\"content_expires\":null,\"shared_expires\":null}],\"line_group\":[{\"naptan_id_reference\":null,\"station_atco_code\":null,\"line_identifier\":[\"piccadilly\"]}],\"line_mode_groups\":[{\"mode_name\":\"tube\",\"line_identifier\":[\"piccadilly\"]}],\"full_name\":null,\"naptan_mode\":null,\"status\":true,\"id\":\"9400ZZLUASL1\",\"url\":null,\"common_name\":\"Arsenal Underground Station\",\"distance\":null,\"place_type\":\"StopPoint\",\"additional_properties\":[{\"category\":\"Address\",\"key\":\"Address\",\"source_system_key\":\"StaticObjects\",\"value\":\"Arsenal Station,London Underground Ltd.,Highbury Hill,London,N5 1LP\",\"modified\":null},{\"category\":\"Facility\",\"key\":\"Other Facilities\",\"source_system_key\":\"StaticObjects\",\"value\":\"routeways platform to ticket hall.\",\"modified\":null},{\"category\":\"Facility\",\"key\":\"Ticket Halls\",\"source_system_key\":\"StaticObjects\",\"value\":\"1\",\"modified\":null},{\"category\":\"Facility\",\"key\":\"WiFi\",\"source_system_key\":\"StaticObjects\",\"value\":\"yes\",\"modified\":null},{\"category\":\"Address\",\"key\":\"PhoneNo\",\"source_system_key\":\"StaticObjects\",\"value\":\"0845 330 9880\",\"modified\":null},{\"category\":\"Facility\",\"key\":\"Bridge\",\"source_system_key\":\"StaticObjects\",\"value\":\"no\",\"modified\":null},{\"category\":\"Facility\",\"key\":\"Payphones\",\"source_system_key\":\"StaticObjects\",\"value\":\"0\",\"modified\":null},{\"category\":\"Geo\",\"key\":\"Zone\",\"source_system_key\":\"StaticObjects\",\"value\":\"2\",\"modified\":null},{\"category\":\"Facility\",\"key\":\"Cash Machines\",\"source_system_key\":\"StaticObjects\",\"value\":\"0\",\"modified\":null},{\"category\":\"Facility\",\"key\":\"Help Points\",\"source_system_key\":\"StaticObjects\",\"value\":\"4 on platforms, 0 in ticket halls, 1 elsewhere\",\"modified\":null},{\"category\":\"Facility\",\"key\":\"Lifts\",\"source_system_key\":\"StaticObjects\",\"value\":\"0\",\"modified\":null},{\"category\":\"Facility\",\"key\":\"Toilets\",\"source_system_key\":\"StaticObjects\",\"value\":\"no\",\"modified\":null},{\"category\":\"Facility\",\"key\":\"Gates\",\"source_system_key\":\"StaticObjects\",\"value\":\"3\",\"modified\":null},{\"category\":\"Facility\",\"key\":\"Car park\",\"source_system_key\":\"StaticObjects\",\"value\":\"no\",\"modified\":null},{\"category\":\"Facility\",\"key\":\"Escalators\",\"source_system_key\":\"StaticObjects\",\"value\":\"0\",\"modified\":null},{\"category\":\"Facility\",\"key\":\"Photo Booths\",\"source_system_key\":\"StaticObjects\",\"value\":\"0\",\"modified\":null},{\"category\":\"Facility\",\"key\":\"Waiting Room\",\"source_system_key\":\"StaticObjects\",\"value\":\"no\",\"modified\":null}],\"children\":[],\"children_urls\":[],\"lat\":51.558681,\"lon\":-0.107903,\"content_expires\":null,\"shared_expires\":null},{\"naptan_id\":\"9400ZZLUASL2\",\"platform_name\":null,\"indicator\":null,\"stop_letter\":null,\"modes\":[\"tube\"],\"ics_code\":\"1000010\",\"sms_code\":null,\"stop_type\":\"NaptanMetroPlatform\",\"station_naptan\":\"940GZZLUASL\",\"accessibility_summary\":null,\"hub_naptan_code\":null,\"lines\":[{\"id\":\"piccadilly\",\"name\":\"Piccadilly\",\"mode_name\":null,\"disruptions\":[],\"created\":null,\"modified\":null,\"line_statuses\":null,\"route_sections\":null,\"service_types\":null,\"crowding\":{\"passenger_flows\":null,\"train_loadings\":null},\"content_expires\":null,\"shared_expires\":null}],\"line_group\":[{\"naptan_id_reference\":null,\"station_atco_code\":null,\"line_identifier\":[\"piccadilly\"]}],\"line_mode_groups\":[{\"mode_name\":\"tube\",\"line_identifier\":[\"piccadilly\"]}],\"full_name\":null,\"naptan_mode\":null,\"status\":true,\"id\":\"9400ZZLUASL2\",\"url\":null,\"common_name\":\"Arsenal Underground Station\",\"distance\":null,\"place_type\":\"StopPoint\",\"additional_properties\":[{\"category\":\"Facility\",\"key\":\"Other Facilities\",\"source_system_key\":\"StaticObjects\",\"value\":\"routeways platform to ticket hall.\",\"modified\":null},{\"category\":\"Facility\",\"key\":\"Ticket Halls\",\"source_system_key\":\"StaticObjects\",\"value\":\"1\",\"modified\":null},{\"category\":\"Facility\",\"key\":\"WiFi\",\"source_system_key\":\"StaticObjects\",\"value\":\"yes\",\"modified\":null},{\"category\":\"Address\",\"key\":\"PhoneNo\",\"source_system_key\":\"StaticObjects\",\"value\":\"0845 330 9880\",\"modified\":null},{\"category\":\"Address\",\"key\":\"Address\",\"source_system_key\":\"StaticObjects\",\"value\":\"Arsenal Station,London Underground Ltd.,Highbury Hill,London,N5 1LP\",\"modified\":null},{\"category\":\"Facility\",\"key\":\"Help Points\",\"source_system_key\":\"StaticObjects\",\"value\":\"4 on platforms, 0 in ticket halls, 1 elsewhere\",\"modified\":null},{\"category\":\"Facility\",\"key\":\"Toilets\",\"source_system_key\":\"StaticObjects\",\"value\":\"no\",\"modified\":null},{\"category\":\"Facility\",\"key\":\"Bridge\",\"source_system_key\":\"StaticObjects\",\"value\":\"no\",\"modified\":null},{\"category\":\"Facility\",\"key\":\"Payphones\",\"source_system_key\":\"StaticObjects\",\"value\":\"0\",\"modified\":null},{\"category\":\"Facility\",\"key\":\"Gates\",\"source_system_key\":\"StaticObjects\",\"value\":\"3\",\"modified\":null},{\"category\":\"Facility\",\"key\":\"Car park\",\"source_system_key\":\"StaticObjects\",\"value\":\"no\",\"modified\":null},{\"category\":\"Facility\",\"key\":\"Lifts\",\"source_system_key\":\"StaticObjects\",\"value\":\"0\",\"modified\":null},{\"category\":\"Facility\",\"key\":\"Escalators\",\"source_system_key\":\"StaticObjects\",\"value\":\"0\",\"modified\":null},{\"category\":\"Geo\",\"key\":\"Zone\",\"source_system_key\":\"StaticObjects\",\"value\":\"2\",\"modified\":null},{\"category\":\"Facility\",\"key\":\"Cash Machines\",\"source_system_key\":\"StaticObjects\",\"value\":\"0\",\"modified\":null},{\"category\":\"Facility\",\"key\":\"Photo Booths\",\"source_system_key\":\"StaticObjects\",\"value\":\"0\",\"modified\":null},{\"category\":\"Facility\",\"key\":\"Waiting Room\",\"source_system_key\":\"StaticObjects\",\"value\":\"no\",\"modified\":null}],\"children\":[],\"children_urls\":[],\"lat\":51.558699,\"lon\":-0.107931,\"content_expires\":null,\"shared_expires\":null}],\"children_urls\":[],\"lat\":51.558655,\"lon\":-0.107457,\"content_expires\":\"2024-07-16T03:41:03Z\",\"shared_expires\":\"2024-07-16T15:41:03Z\"}"